---
source: src/testing/snapshot.rs
assertion_line: 83
expression: "serde_json::to_string_pretty(value).unwrap_or_else(|_|\n\"invalid json\".to_string())"
---
{
  "users": [
    {
      "id": 1,
      "name": "Alice",
      "tags": [
        "admin",
        "user"
      ]
    },
    {
      "id": 2,
      "name": "Bob",
      "tags": [
        "user"
      ]
    }
  ],
  "metadata": {
    "count": 2,
    "version": "1.0.0"
  }
}
